// Jest Snapshot v1, https://goo.gl/fbAQLP

exports[`SelectedRegister renders correctly for a single registry 1`] = `
<div>
  <div
    style="min-height: 100vh;"
  >
    <h1
      style="margin: 10%;"
    >
      Page Not Found
    </h1>
  </div>
</div>
`;
