// Jest Snapshot v1, https://goo.gl/fbAQLP

exports[`Standard linechart render 1`] = `
<div>
  <div
    style="width: auto; margin: auto;"
  >
    <div
      style="width: 100%; height: 100%;"
    />
  </div>
</div>
`;
