// Jest Snapshot v1, https://goo.gl/fbAQLP

exports[`Footer renders 1`] = `
<div>
  <footer
    class="footer"
  >
    <div
      class="footerTop"
    >
      <div>
        <a
          href="/"
        >
          <img
            alt="skde logo"
            data-nimg="1"
            decoding="async"
            height="40"
            loading="lazy"
            src="SKDE_hvit_lys.png?w=256&q=75"
            srcset="SKDE_hvit_lys.png?w=128&q=75 1x, SKDE_hvit_lys.png?w=256&q=75 2x"
            style="color: transparent;"
            width="99"
          />
        </a>
      </div>
      <div
        class="skdeContact"
      >
        <strong>
          Telefon:
        </strong>
        <a
          href="tel:77755800"
        >
           777 55 800
        </a>
        <br />
        <strong>
          E-post:
        </strong>
        <a
          href="mailto:postmottak@helse-nord.no"
        >
           
          postmottak@helse-nord.no
        </a>
        <br />
        <strong>
          Webredakt√∏r:
        </strong>
        <a
          href="mailto:webmaster@skde.no"
        >
           webmaster@skde.no
        </a>
        <br />
      </div>
      <div
        class="skdePrivacy"
      >
        <a
          href="/kontakt"
          title="Link til kontakt SKDE"
        >
          Kontakt
        </a>
        <br />
        <a
          href="/personvern"
          title="Link til personvern"
        >
          Personvern
        </a>
        <br />
        <a
          href="/informasjonskapsler"
          title="Link til informasjon om informasjonskapsler"
        >
          Informasjonskapsler
        </a>
      </div>
    </div>
    <div
      class="footerBottom"
    >
      <div>
        <a
          href="https://www.helse-nord.no"
          title="Link til Helse Nord RHF"
        >
          <img
            alt="Helse Nord logo"
            data-nimg="1"
            decoding="async"
            height="40"
            loading="lazy"
            src="hf_nord-white.svg?w=384&q=75"
            srcset="hf_nord-white.svg?w=256&q=75 1x, hf_nord-white.svg?w=384&q=75 2x"
            style="color: transparent;"
            width="180"
          />
        </a>
      </div>
      <div>
        <a
          href="https://www.kvalitetsregistre.no"
          title="Link til kvalitetsregistre"
        >
          <img
            alt="NSM logo"
            data-nimg="1"
            decoding="async"
            height="32"
            loading="lazy"
            src="NSM_logo_hvit.png?w=640&q=75"
            srcset="NSM_logo_hvit.png?w=384&q=75 1x, NSM_logo_hvit.png?w=640&q=75 2x"
            style="color: transparent;"
            width="287"
          />
        </a>
      </div>
      <div>
        <a
          href="/helseatlas"
          title="Link til helseatlas"
        >
          <img
            alt="Helseatlas logo"
            data-nimg="1"
            decoding="async"
            height="40"
            loading="lazy"
            src="Logo_atlas_hvit.png?w=384&q=75"
            srcset="Logo_atlas_hvit.png?w=256&q=75 1x, Logo_atlas_hvit.png?w=384&q=75 2x"
            style="color: transparent;"
            width="146"
          />
        </a>
      </div>
    </div>
  </footer>
</div>
`;
