// Jest Snapshot v1, https://goo.gl/fbAQLP

exports[`main page header renders 1`] = `
<div>
  <div>
    <header
      class="header"
    >
      <div
        class="logo"
      >
        <a
          href="/"
        >
          <img
            alt="SKDE logo"
            class="logo_img"
            data-nimg="1"
            decoding="async"
            height="39"
            loading="lazy"
            src="SKDE_sort.png?w=256&q=75"
            srcset="SKDE_sort.png?w=96&q=75 1x, SKDE_sort.png?w=256&q=75 2x"
            style="color: transparent;"
            width="96"
          />
        </a>
      </div>
      <div>
        <a
          href="/kontakt"
        >
          Kontakt
        </a>
      </div>
    </header>
  </div>
</div>
`;
