// Vitest Snapshot v1, https://vitest.dev/guide/snapshot.html

exports[`Levels counts are correct 1`] = `
[
  ,
  {
    "green": 1,
    "name": "Hjerte- og karsykdommer",
    "red": 1,
    "registers": [
      ,
      {
        "full_name": "Hjerteregister nummer 1",
        "green": 1,
        "name": "hjertereg1",
        "red": 0,
        "yellow": 0,
      },
      {
        "full_name": "Hjerteregister nummer 2",
        "green": 0,
        "name": "hjertereg2",
        "red": 1,
        "yellow": 0,
      },
    ],
    "yellow": 0,
  },
  ,
  {
    "green": 1,
    "name": "Diabetes",
    "red": 0,
    "registers": [
      ,
      ,
      ,
      {
        "full_name": "Diabetesregister nummer 1",
        "green": 1,
        "name": "diabetesreg1",
        "red": 0,
        "yellow": 1,
      },
    ],
    "yellow": 1,
  },
  ,
  {
    "green": 3,
    "name": "Barn",
    "red": 0,
    "registers": [
      ,
      ,
      ,
      ,
      {
        "full_name": "Barneregister nummer 1",
        "green": 1,
        "name": "barnereg1",
        "red": 0,
        "yellow": 0,
      },
      {
        "full_name": "Barneregister nummer 2",
        "green": 2,
        "name": "barnereg2",
        "red": 0,
        "yellow": 0,
      },
    ],
    "yellow": 0,
  },
]
`;

exports[`Table renders correctly 1`] = `
<div>
  <div
    class="MuiTableContainer-root css-rorn0c-MuiTableContainer-root"
  >
    <table
      aria-label="collapsible table"
      class="MuiTable-root css-rqglhn-MuiTable-root"
    >
      <thead
        class="MuiTableHead-root css-15wwp11-MuiTableHead-root"
      >
        <tr
          class="MuiTableRow-root MuiTableRow-head css-1q1u3t4-MuiTableRow-root"
        >
          <th
            class="MuiTableCell-root MuiTableCell-head MuiTableCell-sizeMedium css-1ygcj2i-MuiTableCell-root"
            scope="col"
          />
          <th
            class="MuiTableCell-root MuiTableCell-head MuiTableCell-sizeMedium css-1ygcj2i-MuiTableCell-root"
            scope="col"
          >
            <h6
              class="MuiTypography-root MuiTypography-subtitle1 css-10wpov9-MuiTypography-root"
            >
              Fagomr√•de
            </h6>
          </th>
          <th
            class="MuiTableCell-root MuiTableCell-head MuiTableCell-sizeMedium css-1ygcj2i-MuiTableCell-root"
            scope="col"
          >
            <h6
              class="MuiTypography-root MuiTypography-subtitle1 css-10wpov9-MuiTypography-root"
            >
              Resultat
            </h6>
          </th>
        </tr>
      </thead>
      <tbody
        class="MuiTableBody-root css-apqrd9-MuiTableBody-root"
      >
        <tr
          class="MuiTableRow-root css-2blr9s-MuiTableRow-root"
          style="cursor: pointer;"
        >
          <td
            class="MuiTableCell-root MuiTableCell-body MuiTableCell-sizeMedium css-1ex1afd-MuiTableCell-root"
          >
            <button
              aria-label="expand row"
              class="MuiButtonBase-root MuiIconButton-root MuiIconButton-sizeSmall css-1pe4mpk-MuiButtonBase-root-MuiIconButton-root"
              tabindex="0"
              type="button"
            >
              <svg
                aria-hidden="true"
                class="MuiSvgIcon-root MuiSvgIcon-fontSizeMedium css-i4bv87-MuiSvgIcon-root"
                data-testid="KeyboardArrowDownIcon"
                focusable="false"
                viewBox="0 0 24 24"
              >
                <path
                  d="M7.41 8.59 12 13.17l4.59-4.58L18 10l-6 6-6-6z"
                />
              </svg>
              <span
                class="MuiTouchRipple-root css-8je8zh-MuiTouchRipple-root"
              />
            </button>
          </td>
          <th
            class="MuiTableCell-root MuiTableCell-body MuiTableCell-sizeMedium css-1ex1afd-MuiTableCell-root"
            scope="row"
          >
            <p
              class="MuiTypography-root MuiTypography-body1 css-ahj2mt-MuiTypography-root"
            >
              Hjerte- og karsykdommer
            </p>
          </th>
          <td
            class="MuiTableCell-root MuiTableCell-body MuiTableCell-sizeMedium css-1ex1afd-MuiTableCell-root"
          >
            <svg
              fill="currentColor"
              height="1em"
              stroke="currentColor"
              stroke-width="0"
              style="color: rgb(88, 165, 92); font-size: 1.2rem;"
              viewBox="0 0 512 512"
              width="1em"
              xmlns="http://www.w3.org/2000/svg"
            >
              <path
                d="M256 8C119 8 8 119 8 256s111 248 248 248 248-111 248-248S393 8 256 8z"
              />
            </svg>
            <svg
              fill="currentColor"
              height="1em"
              stroke="currentColor"
              stroke-width="0"
              style="color: rgb(216, 81, 64); font-size: 1.2rem;"
              viewBox="0 0 512 512"
              width="1em"
              xmlns="http://www.w3.org/2000/svg"
            >
              <path
                d="M464 464H48a16 16 0 0 1-14.07-23.62l208-384a16 16 0 0 1 28.14 0l208 384A16 16 0 0 1 464 464z"
              />
            </svg>
          </td>
        </tr>
        <tr
          class="MuiTableRow-root css-1q1u3t4-MuiTableRow-root"
        >
          <td
            class="MuiTableCell-root MuiTableCell-body MuiTableCell-sizeMedium css-1ex1afd-MuiTableCell-root"
            colspan="6"
            style="padding-bottom: 0px; padding-top: 0px;"
          />
        </tr>
        <tr
          class="MuiTableRow-root css-2blr9s-MuiTableRow-root"
          style="cursor: pointer;"
        >
          <td
            class="MuiTableCell-root MuiTableCell-body MuiTableCell-sizeMedium css-1ex1afd-MuiTableCell-root"
          >
            <button
              aria-label="expand row"
              class="MuiButtonBase-root MuiIconButton-root MuiIconButton-sizeSmall css-1pe4mpk-MuiButtonBase-root-MuiIconButton-root"
              tabindex="0"
              type="button"
            >
              <svg
                aria-hidden="true"
                class="MuiSvgIcon-root MuiSvgIcon-fontSizeMedium css-i4bv87-MuiSvgIcon-root"
                data-testid="KeyboardArrowDownIcon"
                focusable="false"
                viewBox="0 0 24 24"
              >
                <path
                  d="M7.41 8.59 12 13.17l4.59-4.58L18 10l-6 6-6-6z"
                />
              </svg>
              <span
                class="MuiTouchRipple-root css-8je8zh-MuiTouchRipple-root"
              />
            </button>
          </td>
          <th
            class="MuiTableCell-root MuiTableCell-body MuiTableCell-sizeMedium css-1ex1afd-MuiTableCell-root"
            scope="row"
          >
            <p
              class="MuiTypography-root MuiTypography-body1 css-ahj2mt-MuiTypography-root"
            >
              Diabetes
            </p>
          </th>
          <td
            class="MuiTableCell-root MuiTableCell-body MuiTableCell-sizeMedium css-1ex1afd-MuiTableCell-root"
          >
            <svg
              fill="currentColor"
              height="1em"
              stroke="currentColor"
              stroke-width="0"
              style="color: rgb(88, 165, 92); font-size: 1.2rem;"
              viewBox="0 0 512 512"
              width="1em"
              xmlns="http://www.w3.org/2000/svg"
            >
              <path
                d="M256 8C119 8 8 119 8 256s111 248 248 248 248-111 248-248S393 8 256 8z"
              />
            </svg>
            <svg
              fill="currentColor"
              height="1em"
              stroke="currentColor"
              stroke-width="0"
              style="color: rgb(253, 156, 0); font-size: 1.2rem;"
              viewBox="0 0 448 512"
              width="1em"
              xmlns="http://www.w3.org/2000/svg"
            >
              <path
                d="M400 32H48C21.5 32 0 53.5 0 80v352c0 26.5 21.5 48 48 48h352c26.5 0 48-21.5 48-48V80c0-26.5-21.5-48-48-48z"
              />
            </svg>
          </td>
        </tr>
        <tr
          class="MuiTableRow-root css-1q1u3t4-MuiTableRow-root"
        >
          <td
            class="MuiTableCell-root MuiTableCell-body MuiTableCell-sizeMedium css-1ex1afd-MuiTableCell-root"
            colspan="6"
            style="padding-bottom: 0px; padding-top: 0px;"
          />
        </tr>
        <tr
          class="MuiTableRow-root css-2blr9s-MuiTableRow-root"
          style="cursor: pointer;"
        >
          <td
            class="MuiTableCell-root MuiTableCell-body MuiTableCell-sizeMedium css-1ex1afd-MuiTableCell-root"
          >
            <button
              aria-label="expand row"
              class="MuiButtonBase-root MuiIconButton-root MuiIconButton-sizeSmall css-1pe4mpk-MuiButtonBase-root-MuiIconButton-root"
              tabindex="0"
              type="button"
            >
              <svg
                aria-hidden="true"
                class="MuiSvgIcon-root MuiSvgIcon-fontSizeMedium css-i4bv87-MuiSvgIcon-root"
                data-testid="KeyboardArrowDownIcon"
                focusable="false"
                viewBox="0 0 24 24"
              >
                <path
                  d="M7.41 8.59 12 13.17l4.59-4.58L18 10l-6 6-6-6z"
                />
              </svg>
              <span
                class="MuiTouchRipple-root css-8je8zh-MuiTouchRipple-root"
              />
            </button>
          </td>
          <th
            class="MuiTableCell-root MuiTableCell-body MuiTableCell-sizeMedium css-1ex1afd-MuiTableCell-root"
            scope="row"
          >
            <p
              class="MuiTypography-root MuiTypography-body1 css-ahj2mt-MuiTypography-root"
            >
              Barn
            </p>
          </th>
          <td
            class="MuiTableCell-root MuiTableCell-body MuiTableCell-sizeMedium css-1ex1afd-MuiTableCell-root"
          >
            <svg
              fill="currentColor"
              height="1em"
              stroke="currentColor"
              stroke-width="0"
              style="color: rgb(88, 165, 92); font-size: 1.2rem;"
              viewBox="0 0 512 512"
              width="1em"
              xmlns="http://www.w3.org/2000/svg"
            >
              <path
                d="M256 8C119 8 8 119 8 256s111 248 248 248 248-111 248-248S393 8 256 8z"
              />
            </svg>
            <svg
              fill="currentColor"
              height="1em"
              stroke="currentColor"
              stroke-width="0"
              style="color: rgb(88, 165, 92); font-size: 1.2rem;"
              viewBox="0 0 512 512"
              width="1em"
              xmlns="http://www.w3.org/2000/svg"
            >
              <path
                d="M256 8C119 8 8 119 8 256s111 248 248 248 248-111 248-248S393 8 256 8z"
              />
            </svg>
            <svg
              fill="currentColor"
              height="1em"
              stroke="currentColor"
              stroke-width="0"
              style="color: rgb(88, 165, 92); font-size: 1.2rem;"
              viewBox="0 0 512 512"
              width="1em"
              xmlns="http://www.w3.org/2000/svg"
            >
              <path
                d="M256 8C119 8 8 119 8 256s111 248 248 248 248-111 248-248S393 8 256 8z"
              />
            </svg>
          </td>
        </tr>
        <tr
          class="MuiTableRow-root css-1q1u3t4-MuiTableRow-root"
        >
          <td
            class="MuiTableCell-root MuiTableCell-body MuiTableCell-sizeMedium css-1ex1afd-MuiTableCell-root"
            colspan="6"
            style="padding-bottom: 0px; padding-top: 0px;"
          />
        </tr>
      </tbody>
    </table>
  </div>
</div>
`;
