// Vitest Snapshot v1, https://vitest.dev/guide/snapshot.html

exports[`ListItem component > renders list item with expanded state 1`] = `
<div>
  <li
    class="_tocListItem_3a2e40 false"
    data-testid="tocItem"
  >
    <a
      data-testid="toc_a_#test"
      href="#test"
    >
      Test Link
    </a>
  </li>
</div>
`;
