// Jest Snapshot v1, https://goo.gl/fbAQLP

exports[`register page header renders correctly 1`] = `
<div>
  <div
    class="headerOuterWrapper"
  >
    <div
      class="headerInnerWrapper"
    >
      <div
        class="topHeader"
      >
        <div
          class="topHeaderLeft"
        >
          <div
            class="nsmlogoWrapper"
          >
            <a
              href="https://www.kvalitetsregistre.no/"
            >
              <img
                alt="kvalitetsregistre.no"
                class="nsmlogo"
                data-nimg="1"
                decoding="async"
                height="28"
                loading="lazy"
                src="nsmlogo.svg?w=640&q=75"
                srcset="nsmlogo.svg?w=256&q=75 1x, nsmlogo.svg?w=640&q=75 2x"
                style="color: transparent;"
                width="250"
              />
            </a>
          </div>
          <div
            class="headerText"
          >
            <h3>
              Resultater fra 
              Norsk hjerneslagregister
            </h3>
          </div>
        </div>
        <div
          class="topHeaderRight"
        >
          <div
            data-testid="select_registry_button"
            style="position: sticky;"
          >
            <button
              class="registerBtn"
            >
              Velg register
            </button>
          </div>
          <div
            class="linkWrapper"
            style="display: none;"
          >
            <div
              class="searchInputWrapper"
            >
              <input
                class="searchInput"
                data-testid="registry_search_input"
                placeholder="Søk etter register"
                type="text"
                value=""
              />
            </div>
            <ul>
              <li>
                <a
                  data-testid="pick_registry_all"
                  href="/kvalitetsregistre/alle/sykehus"
                >
                  <b>
                    Alle registre
                  </b>
                </a>
              </li>
              <li
                data-testid="pick_registry_hjerneslag"
              >
                <a
                  href="/kvalitetsregistre/hjerneslag/sykehus"
                >
                  Norsk hjerneslagregister
                </a>
              </li>
              <li
                data-testid="pick_registry_norgast"
              >
                <a
                  href="/kvalitetsregistre/norgast/sykehus"
                >
                  Norsk register for gastrokirurgi
                </a>
              </li>
              <li
                data-testid="pick_registry_barnekreft"
              >
                <a
                  href="/kvalitetsregistre/barnekreft/sykehus"
                >
                  Nasjonalt kvalitetsregister for barnekreft
                </a>
              </li>
            </ul>
            <button
              class="select_reg_close"
              data-testid="pick_registry_close_button"
            >
              <svg
                fill="currentColor"
                height="1em"
                stroke="currentColor"
                stroke-width="0"
                viewBox="0 0 512 512"
                width="1em"
                xmlns="http://www.w3.org/2000/svg"
              >
                <path
                  d="M256 8C119 8 8 119 8 256s111 248 248 248 248-111 248-248S393 8 256 8zm0 448c-110.5 0-200-89.5-200-200S145.5 56 256 56s200 89.5 200 200-89.5 200-200 200zm101.8-262.2L295.6 256l62.2 62.2c4.7 4.7 4.7 12.3 0 17l-22.6 22.6c-4.7 4.7-12.3 4.7-17 0L256 295.6l-62.2 62.2c-4.7 4.7-12.3 4.7-17 0l-22.6-22.6c-4.7-4.7-4.7-12.3 0-17l62.2-62.2-62.2-62.2c-4.7-4.7-4.7-12.3 0-17l22.6-22.6c4.7-4.7 12.3-4.7 17 0l62.2 62.2 62.2-62.2c4.7-4.7 12.3-4.7 17 0l22.6 22.6c4.7 4.7 4.7 12.3 0 17z"
                />
              </svg>
            </button>
          </div>
        </div>
      </div>
      <div
        class="tabs"
      >
        <div
          class="tabsWrapper"
        >
          <ul
            class="tabsUL"
          >
            <li
              class="tabsLI"
            >
              <a
                aria-selected="true"
                class="tabsLink"
                data-testid="tab_sykehus"
                href="/kvalitetsregistre/alle/sykehus"
                role="tab"
                style="color: rgb(109, 167, 223); box-shadow: -7px 7px 10px -5px #ccc; background-color: white; border-bottom: 3px solid white; border-radius: 5px;"
              >
                Sykehus
              </a>
            </li>
            <li
              class="tabsLI"
            >
              <a
                aria-selected="false"
                class="tabsLink"
                data-testid="tab_opptaksomraade"
                href="/kvalitetsregistre/alle/opptaksomraade"
                role="tab"
              >
                Opptaksområde
              </a>
            </li>
            <li
              class="tabsLI"
            >
              <a
                aria-selected="false"
                class="tabsLink"
                data-testid="tab_datakvalitet"
                href="/kvalitetsregistre/alle/datakvalitet"
                role="tab"
              >
                Datakvalitit
              </a>
            </li>
          </ul>
        </div>
      </div>
    </div>
  </div>
</div>
`;

exports[`register page header renders correctly 2`] = `
<div>
  <div
    class="headerOuterWrapper"
  >
    <div
      class="headerInnerWrapper"
    >
      <div
        class="topHeader"
      >
        <div
          class="topHeaderLeft"
        >
          <div
            class="nsmlogoWrapper"
          >
            <a
              href="https://www.kvalitetsregistre.no/"
            >
              <img
                alt="kvalitetsregistre.no"
                class="nsmlogo"
                data-nimg="1"
                decoding="async"
                height="28"
                loading="lazy"
                src="nsmlogo.svg?w=640&q=75"
                srcset="nsmlogo.svg?w=256&q=75 1x, nsmlogo.svg?w=640&q=75 2x"
                style="color: transparent;"
                width="250"
              />
            </a>
          </div>
          <div
            class="headerText"
          >
            <h3>
              Resultater fra 
              Norsk hjerneslagregister
            </h3>
          </div>
        </div>
        <div
          class="topHeaderRight"
        >
          <div
            data-testid="select_registry_button"
            style="position: sticky;"
          >
            <button
              class="registerBtn"
            >
              Velg register
            </button>
          </div>
          <div
            class="linkWrapper"
            style="display: none;"
          >
            <div
              class="searchInputWrapper"
            >
              <input
                class="searchInput"
                data-testid="registry_search_input"
                placeholder="Søk etter register"
                type="text"
                value=""
              />
            </div>
            <ul>
              <li>
                <a
                  data-testid="pick_registry_all"
                  href="/kvalitetsregistre/alle/sykehus"
                >
                  <b>
                    Alle registre
                  </b>
                </a>
              </li>
              <li
                data-testid="pick_registry_hjerneslag"
              >
                <a
                  href="/kvalitetsregistre/hjerneslag/sykehus"
                >
                  Norsk hjerneslagregister
                </a>
              </li>
              <li
                data-testid="pick_registry_norgast"
              >
                <a
                  href="/kvalitetsregistre/norgast/sykehus"
                >
                  Norsk register for gastrokirurgi
                </a>
              </li>
              <li
                data-testid="pick_registry_barnekreft"
              >
                <a
                  href="/kvalitetsregistre/barnekreft/sykehus"
                >
                  Nasjonalt kvalitetsregister for barnekreft
                </a>
              </li>
            </ul>
            <button
              class="select_reg_close"
              data-testid="pick_registry_close_button"
            >
              <svg
                fill="currentColor"
                height="1em"
                stroke="currentColor"
                stroke-width="0"
                viewBox="0 0 512 512"
                width="1em"
                xmlns="http://www.w3.org/2000/svg"
              >
                <path
                  d="M256 8C119 8 8 119 8 256s111 248 248 248 248-111 248-248S393 8 256 8zm0 448c-110.5 0-200-89.5-200-200S145.5 56 256 56s200 89.5 200 200-89.5 200-200 200zm101.8-262.2L295.6 256l62.2 62.2c4.7 4.7 4.7 12.3 0 17l-22.6 22.6c-4.7 4.7-12.3 4.7-17 0L256 295.6l-62.2 62.2c-4.7 4.7-12.3 4.7-17 0l-22.6-22.6c-4.7-4.7-4.7-12.3 0-17l62.2-62.2-62.2-62.2c-4.7-4.7-4.7-12.3 0-17l22.6-22.6c4.7-4.7 12.3-4.7 17 0l62.2 62.2 62.2-62.2c4.7-4.7 12.3-4.7 17 0l22.6 22.6c4.7 4.7 4.7 12.3 0 17z"
                />
              </svg>
            </button>
          </div>
        </div>
      </div>
      <div
        class="tabs"
      >
        <div
          class="tabsWrapper"
        >
          <ul
            class="tabsUL"
          >
            <li
              class="tabsLI"
            >
              <a
                aria-selected="true"
                class="tabsLink"
                data-testid="tab_sykehus"
                href="/kvalitetsregistre/alle/sykehus"
                role="tab"
                style="color: rgb(109, 167, 223); box-shadow: -7px 7px 10px -5px #ccc; background-color: white; border-bottom: 3px solid white; border-radius: 5px;"
              >
                Sykehus
              </a>
            </li>
            <li
              class="tabsLI"
            >
              <a
                aria-selected="false"
                class="tabsLink"
                data-testid="tab_opptaksomraade"
                href="/kvalitetsregistre/alle/opptaksomraade"
                role="tab"
              >
                Opptaksområde
              </a>
            </li>
            <li
              class="tabsLI"
            >
              <a
                aria-selected="false"
                class="tabsLink"
                data-testid="tab_datakvalitet"
                href="/kvalitetsregistre/alle/datakvalitet"
                role="tab"
              >
                Datakvalitit
              </a>
            </li>
          </ul>
        </div>
      </div>
    </div>
  </div>
</div>
`;
