// Vitest Snapshot v1, https://vitest.dev/guide/snapshot.html

exports[`QualityAtlasFigure > renders 1`] = `
<div>
  ,
</div>
`;
