// Vitest Snapshot v1, https://vitest.dev/guide/snapshot.html

exports[`Longer text 1`] = `
<div>
  <p>
    Dette er en test
  </p>
  

  <h1
    id="hovedoverskrift"
  >
    Hovedoverskrift
  </h1>
  

  <p>
    Litt mer tekst
  </p>
  

  <h2
    id="underoverskrift"
  >
    Underoverskrift
  </h2>
  

  <h3
    id="dette-er-en-overskrift"
  >
    Dette er en overskrift!
  </h3>
  

  <pre>
    <code
      class="language-sas"
    >
      data test;
set test2;
var = 0;
run;

    </code>
  </pre>
  

  <p>
    Og litt tekst her
  </p>
</div>
`;

exports[`Standard render 1`] = `
<div>
  <p>
    Dette er en test
  </p>
</div>
`;

exports[`Text with details tag 1`] = `
<div>
  <h2
    id="noe-tekst"
  >
    Noe tekst
  </h2>
  

  <details>
    <summary>
      Ledelse
    </summary>
    O-Store-Sol

  </details>
</div>
`;

exports[`Text with image 1`] = `
<div>
  <p>
    Dette er en test
  </p>
  

  <h1
    id="hovedoverskrift"
  >
    Hovedoverskrift
  </h1>
  

  <figure
    style="width: 90%; display: flex; justify-content: center; align-items: center; flex-direction: column;"
  >
    <img
      alt="Menisk, utvikling i antall inngrep i perioden 2013–2017"
      src="https://picsum.photos/id/237/100/100.jpg"
      style="display: block; margin: auto;"
      title="Menisk, utvikling i antall inngrep i perioden 2013–2017"
    />
    <figcaption>
      <strong>
        Figur:
      </strong>
       
      Menisk, utvikling i antall inngrep pr. 100 000 innbyggere i perioden 2013–2017, justert for kjønn og alder. Fordelt på opptaksområder og offentlig eller privat behandler.
    </figcaption>
  </figure>
</div>
`;

exports[`Text with image without alt-text 1`] = `
<div>
  <p>
    Dette er en test
  </p>
  

  <h1
    id="hovedoverskrift"
  >
    Hovedoverskrift
  </h1>
  

  <figure
    style="width: 90%; display: flex; justify-content: center; align-items: center; flex-direction: column;"
  >
    <img
      alt="Menisk, utvikling i antall inngrep pr. 100 000 innbyggere i perioden 2013–2017, justert for kjønn og alder. Fordelt på opptaksområder og offentlig eller privat behandler."
      src="https://picsum.photos/id/237/100/100.jpg"
      style="display: block; margin: auto;"
      title=""
    />
    <figcaption>
      <strong>
        Figur:
      </strong>
       
      Menisk, utvikling i antall inngrep pr. 100 000 innbyggere i perioden 2013–2017, justert for kjønn og alder. Fordelt på opptaksområder og offentlig eller privat behandler.
    </figcaption>
  </figure>
</div>
`;

exports[`Text with image, language english 1`] = `
<div>
  <p>
    Dette er en test
  </p>
  

  <h1
    id="hovedoverskrift"
  >
    Hovedoverskrift
  </h1>
  

  <figure
    style="width: 90%; display: flex; justify-content: center; align-items: center; flex-direction: column;"
  >
    <img
      alt="Menisk, utvikling i antall inngrep i perioden 2013–2017"
      src="https://picsum.photos/id/237/100/100.jpg"
      style="display: block; margin: auto;"
      title="Menisk, utvikling i antall inngrep i perioden 2013–2017"
    />
    <figcaption>
      <strong>
        Figure:
      </strong>
       
      Menisk, utvikling i antall inngrep pr. 100 000 innbyggere i perioden 2013–2017, justert for kjønn og alder. Fordelt på opptaksområder og offentlig eller privat behandler.
    </figcaption>
  </figure>
</div>
`;

exports[`Text with table 1`] = `
<div>
  <p>
    Listen under viser hvilke helseforetak eller sykehus det er definert opptaksområder for og kortnavnene på disse som brukes i atlaset.
  </p>
  






























































































  <table
    style="border-collapse: collapse; margin: auto;"
  >
    <thead>
      <tr>
        <th
          style="margin: 0px; padding: calc(2rem / 16) calc(10rem / 16); text-align: left;"
        >
          <strong>
            Opptaksområde for
          </strong>
        </th>
        <th
          style="margin: 0px; padding: calc(2rem / 16) calc(10rem / 16); text-align: right;"
        >
          <strong>
            Kortnavn
          </strong>
        </th>
      </tr>
    </thead>
    <tbody>
      <tr>
        <td
          style="padding: calc(2rem / 16) calc(10rem / 16); text-align: left;"
        >
          Finnmarkssykehuset HF
        </td>
        <td
          style="padding: calc(2rem / 16) calc(10rem / 16); text-align: right;"
        >
          Finnmark
        </td>
      </tr>
      <tr>
        <td
          style="padding: calc(2rem / 16) calc(10rem / 16); text-align: left;"
        >
          Universitetssykehuset i Nord-Norge HF
        </td>
        <td
          style="padding: calc(2rem / 16) calc(10rem / 16); text-align: right;"
        >
          UNN
        </td>
      </tr>
      <tr>
        <td
          style="padding: calc(2rem / 16) calc(10rem / 16); text-align: left;"
        >
          Nordlandssykehuset HF
        </td>
        <td
          style="padding: calc(2rem / 16) calc(10rem / 16); text-align: right;"
        >
          Nordland
        </td>
      </tr>
      <tr>
        <td
          style="padding: calc(2rem / 16) calc(10rem / 16); text-align: left;"
        >
          Helgelandssykehuset HF
        </td>
        <td
          style="padding: calc(2rem / 16) calc(10rem / 16); text-align: right;"
        >
          Helgeland
        </td>
      </tr>
      <tr>
        <td
          style="padding: calc(2rem / 16) calc(10rem / 16); text-align: left;"
        >
          Helse Nord-Trøndelag HF
        </td>
        <td
          style="padding: calc(2rem / 16) calc(10rem / 16); text-align: right;"
        >
          Nord-Trøndelag
        </td>
      </tr>
      <tr>
        <td
          style="padding: calc(2rem / 16) calc(10rem / 16); text-align: left;"
        >
          St. Olavs hospital HF
        </td>
        <td
          style="padding: calc(2rem / 16) calc(10rem / 16); text-align: right;"
        >
          St. Olavs
        </td>
      </tr>
      <tr>
        <td
          style="padding: calc(2rem / 16) calc(10rem / 16); text-align: left;"
        >
          Helse Møre og Romsdal HF
        </td>
        <td
          style="padding: calc(2rem / 16) calc(10rem / 16); text-align: right;"
        >
          Møre og Romsdal
        </td>
      </tr>
      <tr>
        <td
          style="padding: calc(2rem / 16) calc(10rem / 16); text-align: left;"
        >
          Helse Førde HF
        </td>
        <td
          style="padding: calc(2rem / 16) calc(10rem / 16); text-align: right;"
        >
          Førde
        </td>
      </tr>
      <tr>
        <td
          style="padding: calc(2rem / 16) calc(10rem / 16); text-align: left;"
        >
          Helse Bergen HF
        </td>
        <td
          style="padding: calc(2rem / 16) calc(10rem / 16); text-align: right;"
        >
          Bergen
        </td>
      </tr>
      <tr>
        <td
          style="padding: calc(2rem / 16) calc(10rem / 16); text-align: left;"
        >
          Helse Fonna HF
        </td>
        <td
          style="padding: calc(2rem / 16) calc(10rem / 16); text-align: right;"
        >
          Fonna
        </td>
      </tr>
      <tr>
        <td
          style="padding: calc(2rem / 16) calc(10rem / 16); text-align: left;"
        >
          Helse Stavanger HF
        </td>
        <td
          style="padding: calc(2rem / 16) calc(10rem / 16); text-align: right;"
        >
          Stavanger
        </td>
      </tr>
      <tr>
        <td
          style="padding: calc(2rem / 16) calc(10rem / 16); text-align: left;"
        >
          Sykehuset Østfold HF
        </td>
        <td
          style="padding: calc(2rem / 16) calc(10rem / 16); text-align: right;"
        >
          Østfold
        </td>
      </tr>
      <tr>
        <td
          style="padding: calc(2rem / 16) calc(10rem / 16); text-align: left;"
        >
          Akershus universitetssykehus HF
        </td>
        <td
          style="padding: calc(2rem / 16) calc(10rem / 16); text-align: right;"
        >
          Akershus
        </td>
      </tr>
      <tr>
        <td
          style="padding: calc(2rem / 16) calc(10rem / 16); text-align: left;"
        >
          Oslo universitetssykehus HF
        </td>
        <td
          style="padding: calc(2rem / 16) calc(10rem / 16); text-align: right;"
        >
          OUS
        </td>
      </tr>
      <tr>
        <td
          style="padding: calc(2rem / 16) calc(10rem / 16); text-align: left;"
        >
          Lovisenberg diakonale sykehus
        </td>
        <td
          style="padding: calc(2rem / 16) calc(10rem / 16); text-align: right;"
        >
          Lovisenberg
        </td>
      </tr>
      <tr>
        <td
          style="padding: calc(2rem / 16) calc(10rem / 16); text-align: left;"
        >
          Diakonhjemmet sykehus
        </td>
        <td
          style="padding: calc(2rem / 16) calc(10rem / 16); text-align: right;"
        >
          Diakonhjemmet
        </td>
      </tr>
      <tr>
        <td
          style="padding: calc(2rem / 16) calc(10rem / 16); text-align: left;"
        >
          Sykehuset Innlandet HF
        </td>
        <td
          style="padding: calc(2rem / 16) calc(10rem / 16); text-align: right;"
        >
          Innlandet
        </td>
      </tr>
      <tr>
        <td
          style="padding: calc(2rem / 16) calc(10rem / 16); text-align: left;"
        >
          Vestre Viken HF
        </td>
        <td
          style="padding: calc(2rem / 16) calc(10rem / 16); text-align: right;"
        >
          Vestre Viken
        </td>
      </tr>
      <tr>
        <td
          style="padding: calc(2rem / 16) calc(10rem / 16); text-align: left;"
        >
          Sykehuset i Vestfold HF
        </td>
        <td
          style="padding: calc(2rem / 16) calc(10rem / 16); text-align: right;"
        >
          Vestfold
        </td>
      </tr>
      <tr>
        <td
          style="padding: calc(2rem / 16) calc(10rem / 16); text-align: left;"
        >
          Sykehuset Telemark HF
        </td>
        <td
          style="padding: calc(2rem / 16) calc(10rem / 16); text-align: right;"
        >
          Telemark
        </td>
      </tr>
      <tr>
        <td
          style="padding: calc(2rem / 16) calc(10rem / 16); text-align: left;"
        >
          Sørlandet sykehus HF
        </td>
        <td
          style="padding: calc(2rem / 16) calc(10rem / 16); text-align: right;"
        >
          Sørlandet
        </td>
      </tr>
    </tbody>
  </table>
</div>
`;

exports[`Text with url 1`] = `
<div>
  <h2
    id="noe-tekst"
  >
    Noe tekst
  </h2>
  

  <p>
    Test 
    <a
      href="https://no.wikipedia.org"
      rel="noreferrer"
      target="_blank"
    >
      om
    </a>
     lenke fungerer
  </p>
</div>
`;
