// Vitest Snapshot v1, https://vitest.dev/guide/snapshot.html

exports[`Render with format and lang = en 1`] = `undefined`;

exports[`Render with format and lang = nb 1`] = `undefined`;

exports[`Render with other format 1`] = `undefined`;
