// Jest Snapshot v1, https://goo.gl/fbAQLP

exports[`register page header renders correctly 1`] = `
<div>
  <div
    class="headerOuterWrapper"
  >
    <div
      class="headerInnerWrapper"
    >
      <div
        class="topHeader"
      >
        <div
          class="topHeaderLeft"
        >
          <div
            class="nsmlogoWrapper"
          >
            <a
              href="https://www.kvalitetsregistre.no/"
            >
              <span
                style="box-sizing: border-box; display: inline-block; overflow: hidden; background: none; opacity: 1; border: 0px; margin: 0px; padding: 0px; position: relative; max-width: 100%;"
              >
                <span
                  style="box-sizing: border-box; display: block; background: none; opacity: 1; border: 0px; margin: 0px; padding: 0px; max-width: 100%;"
                >
                  <img
                    alt=""
                    aria-hidden="true"
                    src="data:image/svg+xml,%3csvg%20xmlns=%27http://www.w3.org/2000/svg%27%20version=%271.1%27%20width=%27250%27%20height=%2728%27/%3e"
                    style="display: block; max-width: 100%; background: none; opacity: 1; border: 0px; margin: 0px; padding: 0px;"
                  />
                </span>
                <img
                  alt="kvalitetsregistre.no"
                  class="nsmlogo"
                  data-nimg="intrinsic"
                  decoding="async"
                  src="data:image/gif;base64,R0lGODlhAQABAIAAAAAAAP///yH5BAEAAAAALAAAAAABAAEAAAIBRAA7"
                  style="position: absolute; top: 0px; left: 0px; bottom: 0px; right: 0px; box-sizing: border-box; padding: 0px; margin: auto; display: block; width: 0px; height: 0px; min-width: 100%; max-width: 100%; min-height: 100%; max-height: 100%;"
                />
                <noscript />
              </span>
            </a>
          </div>
          <div
            class="headerText"
          >
            <h3>
              Resultater fra 
              Norsk hjerneslagregister
            </h3>
          </div>
        </div>
        <div
          class="topHeaderRight"
        >
          <div
            data-testid="select_registry_button"
            style="position: sticky;"
          >
            <button
              class="registerBtn"
            >
              Velg register
            </button>
          </div>
          <div
            class="linkWrapper"
            style="display: none;"
          >
            <div
              class="searchInputWrapper"
            >
              <input
                class="searchInput"
                data-testid="registry_search_input"
                placeholder="Søk etter register"
                type="text"
                value=""
              />
            </div>
            <ul>
              <li>
                <a
                  data-testid="pick_registry_all"
                  href="/kvalitetsregistre/alle/sykehus"
                >
                  <b>
                    Alle registre
                  </b>
                </a>
              </li>
              <li
                data-testid="pick_registry_hjerneslag"
              >
                <a
                  href="/kvalitetsregistre/hjerneslag/sykehus"
                >
                  Norsk hjerneslagregister
                </a>
              </li>
              <li
                data-testid="pick_registry_norgast"
              >
                <a
                  href="/kvalitetsregistre/norgast/sykehus"
                >
                  Norsk register for gastrokirurgi
                </a>
              </li>
              <li
                data-testid="pick_registry_barnekreft"
              >
                <a
                  href="/kvalitetsregistre/barnekreft/sykehus"
                >
                  Nasjonalt kvalitetsregister for barnekreft
                </a>
              </li>
            </ul>
            <button
              class="select_reg_close"
              data-testid="pick_registry_close_button"
            >
              <i
                class="far fa-times-circle"
              />
            </button>
          </div>
        </div>
      </div>
      <div
        class="tabs"
      >
        <div
          class="tabsWrapper"
        >
          <ul
            class="tabsUL"
          >
            <li
              class="tabsLI"
            >
              <a
                aria-selected="false"
                class="tabsLink"
                data-testid="tab_sykehus"
                href="/kvalitetsregistre/alle/sykehus"
                role="tab"
                style="color: rgb(109, 167, 223); box-shadow: -7px 7px 10px -5px #ccc; background-color: white; border-bottom: 3px solid white; border-radius: 5px;"
              >
                Sykehus
              </a>
            </li>
            <li
              class="tabsLI"
            >
              <a
                aria-selected="false"
                class="tabsLink"
                data-testid="tab_opptaksomraade"
                href="/kvalitetsregistre/alle/opptaksomraade"
                role="tab"
              >
                Opptaksområde
              </a>
            </li>
            <li
              class="tabsLI"
            >
              <a
                aria-selected="false"
                class="tabsLink"
                data-testid="tab_datakvalitet"
                href="/kvalitetsregistre/alle/datakvalitet"
                role="tab"
              >
                Datakvalitit
              </a>
            </li>
          </ul>
        </div>
      </div>
    </div>
  </div>
</div>
`;

exports[`register page header renders correctly 2`] = `
<div>
  <div
    class="headerOuterWrapper"
  >
    <div
      class="headerInnerWrapper"
    >
      <div
        class="topHeader"
      >
        <div
          class="topHeaderLeft"
        >
          <div
            class="nsmlogoWrapper"
          >
            <a
              href="https://www.kvalitetsregistre.no/"
            >
              <span
                style="box-sizing: border-box; display: inline-block; overflow: hidden; background: none; opacity: 1; border: 0px; margin: 0px; padding: 0px; position: relative; max-width: 100%;"
              >
                <span
                  style="box-sizing: border-box; display: block; background: none; opacity: 1; border: 0px; margin: 0px; padding: 0px; max-width: 100%;"
                >
                  <img
                    alt=""
                    aria-hidden="true"
                    src="data:image/svg+xml,%3csvg%20xmlns=%27http://www.w3.org/2000/svg%27%20version=%271.1%27%20width=%27250%27%20height=%2728%27/%3e"
                    style="display: block; max-width: 100%; background: none; opacity: 1; border: 0px; margin: 0px; padding: 0px;"
                  />
                </span>
                <img
                  alt="kvalitetsregistre.no"
                  class="nsmlogo"
                  data-nimg="intrinsic"
                  decoding="async"
                  src="data:image/gif;base64,R0lGODlhAQABAIAAAAAAAP///yH5BAEAAAAALAAAAAABAAEAAAIBRAA7"
                  style="position: absolute; top: 0px; left: 0px; bottom: 0px; right: 0px; box-sizing: border-box; padding: 0px; margin: auto; display: block; width: 0px; height: 0px; min-width: 100%; max-width: 100%; min-height: 100%; max-height: 100%;"
                />
                <noscript />
              </span>
            </a>
          </div>
          <div
            class="headerText"
          >
            <h3>
              Resultater fra 
              Norsk hjerneslagregister
            </h3>
          </div>
        </div>
        <div
          class="topHeaderRight"
        >
          <div
            data-testid="select_registry_button"
            style="position: sticky;"
          >
            <button
              class="registerBtn"
            >
              Velg register
            </button>
          </div>
          <div
            class="linkWrapper"
            style="display: none;"
          >
            <div
              class="searchInputWrapper"
            >
              <input
                class="searchInput"
                data-testid="registry_search_input"
                placeholder="Søk etter register"
                type="text"
                value=""
              />
            </div>
            <ul>
              <li>
                <a
                  data-testid="pick_registry_all"
                  href="/kvalitetsregistre/alle/sykehus"
                >
                  <b>
                    Alle registre
                  </b>
                </a>
              </li>
              <li
                data-testid="pick_registry_hjerneslag"
              >
                <a
                  href="/kvalitetsregistre/hjerneslag/sykehus"
                >
                  Norsk hjerneslagregister
                </a>
              </li>
              <li
                data-testid="pick_registry_norgast"
              >
                <a
                  href="/kvalitetsregistre/norgast/sykehus"
                >
                  Norsk register for gastrokirurgi
                </a>
              </li>
              <li
                data-testid="pick_registry_barnekreft"
              >
                <a
                  href="/kvalitetsregistre/barnekreft/sykehus"
                >
                  Nasjonalt kvalitetsregister for barnekreft
                </a>
              </li>
            </ul>
            <button
              class="select_reg_close"
              data-testid="pick_registry_close_button"
            >
              <i
                class="far fa-times-circle"
              />
            </button>
          </div>
        </div>
      </div>
      <div
        class="tabs"
      >
        <div
          class="tabsWrapper"
        >
          <ul
            class="tabsUL"
          >
            <li
              class="tabsLI"
            >
              <a
                aria-selected="false"
                class="tabsLink"
                data-testid="tab_sykehus"
                href="/kvalitetsregistre/alle/sykehus"
                role="tab"
                style="color: rgb(109, 167, 223); box-shadow: -7px 7px 10px -5px #ccc; background-color: white; border-bottom: 3px solid white; border-radius: 5px;"
              >
                Sykehus
              </a>
            </li>
            <li
              class="tabsLI"
            >
              <a
                aria-selected="false"
                class="tabsLink"
                data-testid="tab_opptaksomraade"
                href="/kvalitetsregistre/alle/opptaksomraade"
                role="tab"
              >
                Opptaksområde
              </a>
            </li>
            <li
              class="tabsLI"
            >
              <a
                aria-selected="false"
                class="tabsLink"
                data-testid="tab_datakvalitet"
                href="/kvalitetsregistre/alle/datakvalitet"
                role="tab"
              >
                Datakvalitit
              </a>
            </li>
          </ul>
        </div>
      </div>
    </div>
  </div>
</div>
`;
